1/((1/(sin(x))*(cos(x))*ln(tg(cos(x)))-1/(tg(cos(x)))*(1/(cos(cos(x)))^2*(-sin(x)))*ln(sin(x)))/1/(tg(cos(x)))*(1/(cos(cos(x)))^2*(-sin(x)))^2)
-1/(-sin(x)*ln(x)+(1/(x))*cos(x))/(x^cos(x))^2
(e^(log(ctg(x)),x^x))*(1/(ln(log(ctg(x)),x)+(1/(log(ctg(x)),x)*())*x))
-1/(1+(sin(e^x))^2)*(cos(e^x)*((e^x)))
