incorrect input
incorrect input
error!
error!
incorrect input
