1/(x*ln(2)
-1/(log(2,x))^2*(1/(x*ln(2))
0
((1/((x^2+3*x+4))*(2*x^(2-1)+3+0))*ln(arcsin(x))-(1/(arcsin(x))*(1/(1-(x)^2)^(1/2)))*ln((x^2+3*x+4)))/ln(arcsin(x))^2
1/(x)
0
