(2*x^(2-1))
(2^x*ln(2))
(x^x)*(ln(x)+(1/(x))*x)
((-x)^(-x)^(-x))*((((-x)^(-x))*((-1)*ln((-x))+(1/((-x))*(-1))*(-x)))*ln((-x))+(1/((-x))*(-1))*(-x)^(-x))
(((-x)^(-x))^(-x))*((-1)*ln(((-x)^(-x)))+(1/(((-x)^(-x)))*(((-x)^(-x))*((-1)*ln((-x))+(1/((-x))*(-1))*(-x))))*(-x))
